#
# There is insufficient memory for the Java Runtime Environment to continue.
# Native memory allocation (mmap) failed to map 33554432 bytes. Error detail: committing reserved memory.
# Possible reasons:
#   The system is out of physical RAM or swap space
#   This process is running with CompressedOops enabled, and the Java Heap may be blocking the growth of the native heap
# Possible solutions:
#   Reduce memory load on the system
#   Increase physical memory or swap space
#   Check if swap backing store is full
#   Decrease Java heap size (-Xmx/-Xms)
#   Decrease number of Java threads
#   Decrease Java thread stack sizes (-Xss)
#   Set larger code cache with -XX:ReservedCodeCacheSize=
#   JVM is running with Unscaled Compressed Oops mode in which the Java heap is
#     placed in the first 4GB address space. The Java Heap base address is the
#     maximum limit for the native heap growth. Please use -XX:HeapBaseMinAddress
#     to set the Java Heap base and to place the Java Heap above 4GB virtual address.
# This output file may be truncated or incomplete.
#
#  Out of Memory Error (os_linux.cpp:2829), pid=2816, tid=2817
#
# JRE version:  (21.0.7+6) (build )
# Java VM: OpenJDK 64-Bit Server VM (21.0.7+6-LTS, mixed mode, sharing, tiered, compressed oops, compressed class ptrs, g1 gc, linux-amd64)
# No core dump will be written. Core dumps have been disabled. To enable core dumping, try "ulimit -c unlimited" before starting Java again
#

---------------  S U M M A R Y ------------

Command Line: org.jetbrains.kotlin.cli.jvm.K2JVMCompiler @/workspace/app/build/20260920_3313679966338071852.compiler.options

Host: Intel(R) Xeon(R) Processor @ 2.50GHz, 2 cores, 2G, Debian GNU/Linux 12 (bookworm)
Time: Sun Sep 20 13:36:19 2026 UTC elapsed time: 0.498090 seconds (0d 0h 0m 0s)

---------------  T H R E A D  ---------------

Current thread (0x00007f125c02b480):  JavaThread "Unknown thread" [_thread_in_vm, id=2817, stack(0x00007f1262d93000,0x00007f1262e93000) (1024K)]

Stack: [0x00007f1262d93000,0x00007f1262e93000],  sp=0x00007f1262e915e0,  free space=1017k
Native frames: (J=compiled Java code, j=interpreted, Vv=VM code, C=native code)
V  [libjvm.so+0x1004a18]  VMError::report_and_die(int, char const*, char const*, __va_list_tag*, Thread*, unsigned char*, void*, void*, char const*, int, unsigned long)+0x2b8  (os_linux.cpp:2829)
V  [libjvm.so+0x100547d]
V  [libjvm.so+0x6bb8bf]
V  [libjvm.so+0xd00f91]  os::pd_commit_memory(char*, unsigned long, bool)+0xc1
V  [libjvm.so+0xcfa81f]  os::commit_memory(char*, unsigned long, bool)+0x1f
V  [libjvm.so+0x7d8cbe]  G1CMMarkStack::resize(unsigned long)+0x5e
V  [libjvm.so+0x7dc8a5]  G1ConcurrentMark::G1ConcurrentMark(G1CollectedHeap*, G1RegionToSpaceMapper*)+0x475
V  [libjvm.so+0x7cfdc1]  G1CollectedHeap::initialize()+0x5a1
V  [libjvm.so+0xfa6d76]  universe_init()+0xd6
V  [libjvm.so+0x8db2d7]  init_globals()+0x37
V  [libjvm.so+0xf86085]  Threads::create_vm(JavaVMInitArgs*, bool*)+0x2b5
V  [libjvm.so+0x9b408f]  JNI_CreateJavaVM+0x4f
C  [libjli.so+0x970b]  JavaMain+0x8b
C  [libjli.so+0xd259]  ThreadJavaMain+0x9

---------------  P R O C E S S  ---------------

Threads class SMR info:
_java_thread_list=0x00007f12644e3cc0, length=0, elements={
}

Java Threads: ( => current thread )
Total: 0

Other Threads:
  0x00007f125c057200 WorkerThread "GC Thread#0"                     [id=2820, stack(0x00007f1261e52000,0x00007f1261f52000) (1024K)]

[error occurred during error reporting (printing all threads), id 0xb, SIGSEGV (0xb) at pc=0x00007f1263750200]
VM state: not at safepoint (not fully initialized)

VM Mutex/Monitor currently owned by a thread:  ([mutex/lock_event])
[0x00007f12644bdbd0] Heap_lock - owner thread: 0x00007f125c02b480

Heap address: 0x00000000e0000000, size: 512 MB, Compressed Oops mode: 32-bit

CDS archive(s) mapped at: [0x0000000000000000-0x0000000000000000-0x0000000000000000), size 0, SharedBaseAddress: 0x0000000800000000, ArchiveRelocationMode: 1.
Narrow klass base: 0x0000000000000000, Narrow klass shift: 0, Narrow klass range: 0x0

GC Precious Log:
 CardTable entry size: 512
 Card Set container configuration: InlinePtr #cards 5 size 8 Array Of Cards #cards 12 size 40 Howl #buckets 4 coarsen threshold 1843 Howl Bitmap #cards 512 size 80 coarsen threshold 460 Card regions per heap region 1 cards per card region 2048

Heap:
 garbage-first heap   total 0K, used 0K [0x00000000e0000000, 0x0000000100000000)
  region size 1024K, 0 young (0K), 0 survivors (0K)

[error occurred during error reporting (printing heap information), id 0xb, SIGSEGV (0xb) at pc=0x00007f1263d2459a]
GC Heap History (0 events):
No events

Dll operation events (1 events):
Event: 0.364 Loaded shared library /root/.gradle/jdks/eclipse_adoptium-21-amd64-linux.2/lib/libjava.so

Deoptimization events (0 events):
No events

Classes loaded (0 events):
No events

Classes unloaded (0 events):
No events

Classes redefined (0 events):
No events

Internal exceptions (0 events):
No events

ZGC Phase Switch (0 events):
No events

VM Operations (0 events):
No events

Memory protections (1 events):
Event: 0.329 Protecting memory [0x00007f1262d93000,0x00007f1262d97000] with protection modes 0

Nmethod flushes (0 events):
No events

Events (0 events):
No events


Dynamic libraries:
e0000000-100000000 ---p 00000000 00:00 0 
557bd1a54000-557bd1a55000 r-xp 00000000 fe:00 525654                     /root/.gradle/jdks/eclipse_adoptium-21-amd64-linux.2/bin/java
557bd1a56000-557bd1a57000 r--p 00001000 fe:00 525654                     /root/.gradle/jdks/eclipse_adoptium-21-amd64-linux.2/bin/java
557bd1a57000-557bd1a58000 rw-p 00002000 fe:00 525654                     /root/.gradle/jdks/eclipse_adoptium-21-amd64-linux.2/bin/java
557bd1eee000-557bd1f35000 rw-p 00000000 00:00 0                          [heap]
7f1238000000-7f1238021000 rw-p 00000000 00:00 0 
7f1238021000-7f123c000000 ---p 00000000 00:00 0 
7f123c000000-7f123c021000 rw-p 00000000 00:00 0 
7f123c021000-7f1240000000 ---p 00000000 00:00 0 
7f1240000000-7f1240021000 rw-p 00000000 00:00 0 
7f1240021000-7f1244000000 ---p 00000000 00:00 0 
7f124488b000-7f1244afb000 rwxp 00000000 00:00 0 
7f1244afb000-7f124bdc3000 ---p 00000000 00:00 0 
7f124bdc3000-7f124c033000 rwxp 00000000 00:00 0 
7f124c033000-7f124c352000 ---p 00000000 00:00 0 
7f124c352000-7f124c5c2000 rwxp 00000000 00:00 0 
7f124c5c2000-7f125388b000 ---p 00000000 00:00 0 
7f125388b000-7f125c000000 r--s 00000000 fe:00 525455                     /root/.gradle/jdks/eclipse_adoptium-21-amd64-linux.2/lib/modules
7f125c000000-7f125c350000 rw-p 00000000 00:00 0 
7f125c350000-7f1260000000 ---p 00000000 00:00 0 
7f1261acb000-7f1261c4f000 rw-p 00000000 00:00 0 
7f1261c4f000-7f1261c50000 ---p 00000000 00:00 0 
7f1261c50000-7f1261d50000 rw-p 00000000 00:00 0 
7f1261d50000-7f1261d51000 ---p 00000000 00:00 0 
7f1261d51000-7f1261e51000 rw-p 00000000 00:00 0 
7f1261e51000-7f1261e52000 ---p 00000000 00:00 0 
7f1261e52000-7f1261f64000 rw-p 00000000 00:00 0 
7f1261f64000-7f1262964000 ---p 00000000 00:00 0 
7f1262964000-7f1262b6b000 rw-p 00000000 00:00 0 
7f1262b6b000-7f1262c51000 ---p 00000000 00:00 0 
7f1262c51000-7f1262c56000 rw-p 00000000 00:00 0 
7f1262c56000-7f1262d3c000 ---p 00000000 00:00 0 
7f1262d3c000-7f1262d41000 rw-p 00000000 00:00 0 
7f1262d41000-7f1262d48000 ---p 00000000 00:00 0 
7f1262d48000-7f1262d68000 r-xp 00000000 fe:00 525457                     /root/.gradle/jdks/eclipse_adoptium-21-amd64-linux.2/lib/libjava.so
7f1262d68000-7f1262d69000 ---p 00020000 fe:00 525457                     /root/.gradle/jdks/eclipse_adoptium-21-amd64-linux.2/lib/libjava.so
7f1262d69000-7f1262d6a000 r--p 00020000 fe:00 525457                     /root/.gradle/jdks/eclipse_adoptium-21-amd64-linux.2/lib/libjava.so
7f1262d6a000-7f1262d6b000 rw-p 00021000 fe:00 525457                     /root/.gradle/jdks/eclipse_adoptium-21-amd64-linux.2/lib/libjava.so
7f1262d6b000-7f1262d6c000 rw-p 00000000 00:00 0 
7f1262d6c000-7f1262d74000 rw-s 00000000 fe:00 539802                     /tmp/hsperfdata_root/2816
7f1262d74000-7f1262d8f000 r-xp 00000000 fe:00 525490                     /root/.gradle/jdks/eclipse_adoptium-21-amd64-linux.2/lib/libjimage.so
7f1262d8f000-7f1262d90000 ---p 0001b000 fe:00 525490                     /root/.gradle/jdks/eclipse_adoptium-21-amd64-linux.2/lib/libjimage.so
7f1262d90000-7f1262d92000 r--p 0001b000 fe:00 525490                     /root/.gradle/jdks/eclipse_adoptium-21-amd64-linux.2/lib/libjimage.so
7f1262d92000-7f1262d93000 rw-p 0001d000 fe:00 525490                     /root/.gradle/jdks/eclipse_adoptium-21-amd64-linux.2/lib/libjimage.so
7f1262d93000-7f1262d97000 ---p 00000000 00:00 0 
7f1262d97000-7f1262e93000 rw-p 00000000 00:00 0 
7f1262e93000-7f1262ea3000 r--p 00000000 00:25 18072                      /usr/lib/x86_64-linux-gnu/libm.so.6
7f1262ea3000-7f1262f17000 r-xp 00010000 00:25 18072                      /usr/lib/x86_64-linux-gnu/libm.so.6
7f1262f17000-7f1262f71000 r--p 00084000 00:25 18072                      /usr/lib/x86_64-linux-gnu/libm.so.6
7f1262f71000-7f1262f72000 r--p 000dd000 00:25 18072                      /usr/lib/x86_64-linux-gnu/libm.so.6
7f1262f72000-7f1262f73000 rw-p 000de000 00:25 18072                      /usr/lib/x86_64-linux-gnu/libm.so.6
7f1262f73000-7f1262f74000 r--p 00000000 00:25 18187                      /usr/lib/x86_64-linux-gnu/librt.so.1
7f1262f74000-7f1262f75000 r-xp 00001000 00:25 18187                      /usr/lib/x86_64-linux-gnu/librt.so.1
7f1262f75000-7f1262f76000 r--p 00002000 00:25 18187                      /usr/lib/x86_64-linux-gnu/librt.so.1
7f1262f76000-7f1262f77000 r--p 00002000 00:25 18187                      /usr/lib/x86_64-linux-gnu/librt.so.1
7f1262f77000-7f1262f78000 rw-p 00003000 00:25 18187                      /usr/lib/x86_64-linux-gnu/librt.so.1
7f1262f78000-7f1264387000 r-xp 00000000 fe:00 525507                     /root/.gradle/jdks/eclipse_adoptium-21-amd64-linux.2/lib/server/libjvm.so
7f1264387000-7f1264388000 ---p 0140f000 fe:00 525507                     /root/.gradle/jdks/eclipse_adoptium-21-amd64-linux.2/lib/server/libjvm.so
7f1264388000-7f126445c000 r--p 0140f000 fe:00 525507                     /root/.gradle/jdks/eclipse_adoptium-21-amd64-linux.2/lib/server/libjvm.so
7f126445c000-7f126448c000 rw-p 014e3000 fe:00 525507                     /root/.gradle/jdks/eclipse_adoptium-21-amd64-linux.2/lib/server/libjvm.so
7f126448c000-7f12644f4000 rw-p 00000000 00:00 0 
7f12644f4000-7f126451a000 r--p 00000000 00:25 17860                      /usr/lib/x86_64-linux-gnu/libc.so.6
7f126451a000-7f1264670000 r-xp 00026000 00:25 17860                      /usr/lib/x86_64-linux-gnu/libc.so.6
7f1264670000-7f12646c3000 r--p 0017c000 00:25 17860                      /usr/lib/x86_64-linux-gnu/libc.so.6
7f12646c3000-7f12646c7000 r--p 001cf000 00:25 17860                      /usr/lib/x86_64-linux-gnu/libc.so.6
7f12646c7000-7f12646c9000 rw-p 001d3000 00:25 17860                      /usr/lib/x86_64-linux-gnu/libc.so.6
7f12646c9000-7f12646d6000 rw-p 00000000 00:00 0 
7f12646d6000-7f12646d7000 r--p 00000000 00:25 17909                      /usr/lib/x86_64-linux-gnu/libdl.so.2
7f12646d7000-7f12646d8000 r-xp 00001000 00:25 17909                      /usr/lib/x86_64-linux-gnu/libdl.so.2
7f12646d8000-7f12646d9000 r--p 00002000 00:25 17909                      /usr/lib/x86_64-linux-gnu/libdl.so.2
7f12646d9000-7f12646da000 r--p 00002000 00:25 17909                      /usr/lib/x86_64-linux-gnu/libdl.so.2
7f12646da000-7f12646db000 rw-p 00003000 00:25 17909                      /usr/lib/x86_64-linux-gnu/libdl.so.2
7f12646db000-7f12646dc000 r--p 00000000 00:25 18162                      /usr/lib/x86_64-linux-gnu/libpthread.so.0
7f12646dc000-7f12646dd000 r-xp 00001000 00:25 18162                      /usr/lib/x86_64-linux-gnu/libpthread.so.0
7f12646dd000-7f12646de000 r--p 00002000 00:25 18162                      /usr/lib/x86_64-linux-gnu/libpthread.so.0
7f12646de000-7f12646df000 r--p 00002000 00:25 18162                      /usr/lib/x86_64-linux-gnu/libpthread.so.0
7f12646df000-7f12646e0000 rw-p 00003000 00:25 18162                      /usr/lib/x86_64-linux-gnu/libpthread.so.0
7f12646e4000-7f12646e5000 ---p 00000000 00:00 0 
7f12646e5000-7f12646e6000 r--p 00000000 00:00 0 
7f12646e6000-7f12646e7000 ---p 00000000 00:00 0 
7f12646e7000-7f1264700000 r-xp 00000000 fe:00 525462                     /root/.gradle/jdks/eclipse_adoptium-21-amd64-linux.2/lib/libjli.so
7f1264700000-7f1264701000 r--p 00018000 fe:00 525462                     /root/.gradle/jdks/eclipse_adoptium-21-amd64-linux.2/lib/libjli.so
7f1264701000-7f1264702000 rw-p 00019000 fe:00 525462                     /root/.gradle/jdks/eclipse_adoptium-21-amd64-linux.2/lib/libjli.so
7f1264702000-7f1264704000 rw-p 00000000 00:00 0 
7f1264704000-7f1264705000 r--p 00000000 00:25 17646                      /usr/lib/x86_64-linux-gnu/ld-linux-x86-64.so.2
7f1264705000-7f126472b000 r-xp 00001000 00:25 17646                      /usr/lib/x86_64-linux-gnu/ld-linux-x86-64.so.2
7f126472b000-7f1264735000 r--p 00027000 00:25 17646                      /usr/lib/x86_64-linux-gnu/ld-linux-x86-64.so.2
7f1264735000-7f1264737000 r--p 00031000 00:25 17646                      /usr/lib/x86_64-linux-gnu/ld-linux-x86-64.so.2
7f1264737000-7f1264739000 rw-p 00033000 00:25 17646                      /usr/lib/x86_64-linux-gnu/ld-linux-x86-64.so.2
7fffbb98b000-7fffbb9ac000 rw-p 00000000 00:00 0                          [stack]
7fffbb9d8000-7fffbb9db000 r--p 00000000 00:00 0                          [vvar]
7fffbb9db000-7fffbb9dd000 r-xp 00000000 00:00 0                          [vdso]
ffffffffff600000-ffffffffff601000 r-xp 00000000 00:00 0                  [vsyscall]
Total number of mappings: 93


VM Arguments:
java_command: org.jetbrains.kotlin.cli.jvm.K2JVMCompiler @/workspace/app/build/20260920_3313679966338071852.compiler.options
java_class_path (initial): /root/.gradle/caches/modules-2/files-2.1/org.jetbrains.kotlin/kotlin-compiler-embeddable/2.2.10/6882d39ef03b18879c1a5d2a83c2212361bed5fe/kotlin-compiler-embeddable-2.2.10.jar:/root/.gradle/caches/modules-2/files-2.1/org.jetbrains.kotlin/kotlin-stdlib/2.2.10/30de6faa127a4a012db8e71bf1b9c0a99b1402b2/kotlin-stdlib-2.2.10.jar:/root/.gradle/caches/modules-2/files-2.1/org.jetbrains.kotlin/kotlin-script-runtime/2.2.10/712f9bc08f378c13a4a00f0bbb28c76e59183e83/kotlin-script-runtime-2.2.10.jar:/root/.gradle/caches/modules-2/files-2.1/org.jetbrains.kotlin/kotlin-reflect/1.6.10/1cbe9c92c12a94eea200d23c2bbaedaf3daf5132/kotlin-reflect-1.6.10.jar:/root/.gradle/caches/modules-2/files-2.1/org.jetbrains.kotlin/kotlin-daemon-embeddable/2.2.10/212fd3c2c6e4e5d0f4db3c4191233e2b622380cc/kotlin-daemon-embeddable-2.2.10.jar:/root/.gradle/caches/modules-2/files-2.1/org.jetbrains.kotlinx/kotlinx-coroutines-core-jvm/1.8.0/ac1dc37a30a93150b704022f8d895ee1bd3a36b3/kotlinx-coroutines-core-jvm-1.8.0.jar:/root/.gradle/caches/modules-2/files-2.1/org.jetbrains/annotations/13.0/919f0dfe192fb4e063e7dacadee7f8bb9a2672a9/annotations-13.0.jar
Launcher Type: SUN_STANDARD

[Global flags]
     intx CICompilerCount                          = 2                                         {product} {ergonomic}
     uint ConcGCThreads                            = 1                                         {product} {ergonomic}
     uint G1ConcRefinementThreads                  = 2                                         {product} {ergonomic}
   size_t G1HeapRegionSize                         = 1048576                                   {product} {ergonomic}
    uintx GCDrainStackTargetSize                   = 64                                        {product} {ergonomic}
   size_t InitialHeapSize                          = 33554432                                  {product} {ergonomic}
   size_t MarkStackSize                            = 4194304                                   {product} {ergonomic}
   size_t MaxHeapSize                              = 536870912                                 {product} {ergonomic}
   size_t MinHeapDeltaBytes                        = 1048576                                   {product} {ergonomic}
   size_t MinHeapSize                              = 8388608                                   {product} {ergonomic}
    uintx NonNMethodCodeHeapSize                   = 5826188                                {pd product} {ergonomic}
    uintx NonProfiledCodeHeapSize                  = 122916026                              {pd product} {ergonomic}
    uintx ProfiledCodeHeapSize                     = 122916026                              {pd product} {ergonomic}
    uintx ReservedCodeCacheSize                    = 251658240                              {pd product} {ergonomic}
     bool SegmentedCodeCache                       = true                                      {product} {ergonomic}
   size_t SoftMaxHeapSize                          = 536870912                              {manageable} {ergonomic}
     bool UseCompressedOops                        = true                           {product lp64_product} {ergonomic}
     bool UseG1GC                                  = true                                      {product} {ergonomic}

Logging:
Log output configuration:
 #0: stdout all=warning uptime,level,tags foldmultilines=false
 #1: stderr all=off uptime,level,tags foldmultilines=false

Environment Variables:
PATH=/usr/local/sbin:/usr/local/bin:/usr/sbin:/usr/bin:/sbin:/bin
SHELL=/bin/bash
LANG=C.UTF-8
LC_ALL=C.UTF-8
TERM=tmux-256color

Active Locale:
LC_ALL=C
LC_COLLATE=C
LC_CTYPE=C
LC_MESSAGES=C
LC_MONETARY=C
LC_NUMERIC=C
LC_TIME=C

Signal Handlers:
   SIGSEGV: crash_handler in libjvm.so, mask=11100100010111111101111111111110, flags=SA_RESTART|SA_SIGINFO, unblocked
    SIGBUS: crash_handler in libjvm.so, mask=11100100010111111101111111111110, flags=SA_RESTART|SA_SIGINFO, unblocked
    SIGFPE: crash_handler in libjvm.so, mask=11100100010111111101111111111110, flags=SA_RESTART|SA_SIGINFO, unblocked
   SIGPIPE: javaSignalHandler in libjvm.so, mask=11100100010111111101111111111110, flags=SA_RESTART|SA_SIGINFO, blocked
   SIGXFSZ: javaSignalHandler in libjvm.so, mask=11100100010111111101111111111110, flags=SA_RESTART|SA_SIGINFO, blocked
    SIGILL: crash_handler in libjvm.so, mask=11100100010111111101111111111110, flags=SA_RESTART|SA_SIGINFO, unblocked
   SIGUSR2: SR_handler in libjvm.so, mask=00000000000000000000000000000000, flags=SA_RESTART|SA_SIGINFO, blocked
    SIGHUP: SIG_DFL, mask=00000000000000000000000000000000, flags=none, blocked
    SIGINT: SIG_DFL, mask=00000000000000000000000000000000, flags=none, blocked
   SIGTERM: SIG_DFL, mask=00000000000000000000000000000000, flags=none, blocked
   SIGQUIT: UserHandler in libjvm.so, mask=11100100010111111101111111111110, flags=SA_RESTART|SA_SIGINFO, blocked
   SIGTRAP: crash_handler in libjvm.so, mask=11100100010111111101111111111110, flags=SA_RESTART|SA_SIGINFO, unblocked


Periodic native trim disabled

---------------  S Y S T E M  ---------------

OS:
PRETTY_NAME="Debian GNU/Linux 12 (bookworm)"
NAME="Debian GNU/Linux"
VERSION_ID="12"
VERSION="12 (bookworm)"
VERSION_CODENAME=bookworm
ID=debian
HOME_URL="https://www.debian.org/"
SUPPORT_URL="https://www.debian.org/support"
BUG_REPORT_URL="https://bugs.debian.org/"
uname: Linux 4.19.91-c8dfc93.al7.x86_64 #1 SMP Tue Sep 26 10:25:51 UTC 2023 x86_64
OS uptime: 0 days 0:22 hours
libc: glibc 2.36 NPTL 2.36 
rlimit (soft/hard): STACK 8192k/infinity , CORE 0k/0k , NPROC 100000/100000 , NOFILE 100000/100000 , AS infinity/infinity , CPU infinity/infinity , DATA infinity/infinity , FSIZE infinity/infinity , MEMLOCK 64k/64k
load average: 4.59 2.50 1.16

/proc/meminfo:
MemTotal:        2152516 kB
MemFree:           22832 kB
MemAvailable:          0 kB
Buffers:             144 kB
Cached:             2784 kB
SwapCached:            0 kB
Active:          2049280 kB
Inactive:           1584 kB
Active(anon):    2048068 kB
Inactive(anon):       16 kB
Active(file):       1212 kB
Inactive(file):     1568 kB
Unevictable:           0 kB
Mlocked:               0 kB
SwapTotal:             0 kB
SwapFree:              0 kB
Dirty:                16 kB
Writeback:             0 kB
AnonPages:       2048052 kB
Mapped:             2124 kB
Shmem:                32 kB
Slab:              29072 kB
SReclaimable:      16304 kB
SUnreclaim:        12768 kB
KernelStack:        3328 kB
PageTables:         6048 kB
NFS_Unstable:          0 kB
Bounce:                0 kB
WritebackTmp:          0 kB
CommitLimit:     1076256 kB
Committed_AS:    2236844 kB
VmallocTotal:   34359738367 kB
VmallocUsed:           0 kB
VmallocChunk:          0 kB
Percpu:              400 kB
AnonHugePages:    509952 kB
ShmemHugePages:        0 kB
ShmemPmdMapped:        0 kB
HugePages_Total:       0
HugePages_Free:        0
HugePages_Rsvd:        0
HugePages_Surp:        0
Hugepagesize:       2048 kB
Hugetlb:               0 kB
DirectMap4k:       10240 kB
DirectMap2M:     2521088 kB
DirectMap1G:           0 kB

/sys/kernel/mm/transparent_hugepage/enabled: [always] madvise never
/sys/kernel/mm/transparent_hugepage/hpage_pmd_size: 2097152
/sys/kernel/mm/transparent_hugepage/defrag (defrag/compaction efforts parameter): always defer defer+madvise madvise [never]

Process Memory:
Virtual Size: 1216828K (peak: 1248044K)
Resident Set Size: 6576K (peak: 7344K) (anon: 6576K, file: 0K, shmem: 0K)
Swapped out: 0K
C-Heap outstanding allocations: 7093K, retained: 602K
glibc malloc tunables: (default)

/proc/sys/kernel/threads-max (system-wide limit on the number of threads): 1129
/proc/sys/vm/max_map_count (maximum number of memory map areas a process may have): 65530
/proc/sys/vm/swappiness (control to define how aggressively the kernel swaps out anonymous memory): 60
/proc/sys/kernel/pid_max (system-wide limit on number of process identifiers): 32768

container (cgroup) information:
container_type: cgroupv1
cpu_cpuset_cpus: 0-1
cpu_memory_nodes: 0
active_processor_count: 2
cpu_quota: no quota
cpu_period: 100000
cpu_shares: 12288
memory_limit_in_bytes: 2097152 k
memory_and_swap_limit_in_bytes: unlimited
memory_soft_limit_in_bytes: unlimited
memory_usage_in_bytes: 2069576 k
memory_max_usage_in_bytes: 2070424 k
kernel_memory_limit_in_bytes: unlimited
kernel_memory_usage_in_bytes: 25552 k
kernel_memory_max_usage_in_bytes: 164252 k
maximum number of tasks: unlimited
current number of tasks: 132

KVM virtualization detected
Steal ticks since vm start: 23
Steal ticks percentage since vm start:  0.100

CPU: total 2 (initial active 2) (2 cores per cpu, 1 threads per core) family 6 model 85 stepping 7 microcode 0x1, cx8, cmov, fxsr, mmx, 3dnowpref, sse, sse2, sse3, ssse3, sse4.1, sse4.2, popcnt, lzcnt, tsc, tscinvbit, avx, avx2, aes, erms, clmul, bmi1, bmi2, adx, avx512f, avx512dq, avx512cd, avx512bw, avx512vl, fma, vzeroupper, avx512_vnni, clflush, clflushopt, clwb, hv, rdtscp, f16c
CPU Model and flags from /proc/cpuinfo:
model name	: Intel(R) Xeon(R) Processor @ 2.50GHz
flags		: fpu vme de pse tsc msr pae mce cx8 apic sep mtrr pge mca cmov pat pse36 clflush mmx fxsr sse sse2 ss ht syscall nx pdpe1gb rdtscp lm constant_tsc rep_good nopl xtopology nonstop_tsc cpuid tsc_known_freq pni pclmulqdq ssse3 fma cx16 pcid sse4_1 sse4_2 x2apic movbe popcnt tsc_deadline_timer aes xsave avx f16c rdrand hypervisor lahf_lm abm 3dnowprefetch cpuid_fault invpcid_single ssbd ibrs ibpb stibp ibrs_enhanced fsgsbase tsc_adjust bmi1 avx2 smep bmi2 erms invpcid mpx avx512f avx512dq rdseed adx smap clflushopt clwb avx512cd avx512bw avx512vl xsaveopt xsavec xgetbv1 xsaves umip avx512_vnni md_clear arch_capabilities

Online cpus: 0-1
Offline cpus: 
BIOS frequency limitation: <Not Available>
Frequency switch latency (ns): <Not Available>
Available cpu frequencies: <Not Available>
Current governor: <Not Available>
Core performance/turbo boost: <Not Available>

Memory: 4k page, physical 2097152k(27320k free), swap 0k(0k free)
Page Sizes: 4k

vm_info: OpenJDK 64-Bit Server VM (21.0.7+6-LTS) for linux-amd64 JRE (21.0.7+6-LTS), built on 2025-04-15T00:00:00Z by "admin" with gcc 11.3.0

END.
